// Jest Snapshot v1, https://goo.gl/fbAQLP

exports[`App component renders a .App by default 1`] = `undefined`;

exports[`App component renders the App given props 1`] = `undefined`;
